Archive member included to satisfy reference by file (symbol)

/usr/lib/gcc/avr/7.3.0/../../../avr/lib/avr5/libm.a(addsf3.o)
                              ./HAL/SENSORS/SENSORS_program.o (__subsf3)
/usr/lib/gcc/avr/7.3.0/../../../avr/lib/avr5/libm.a(addsf3x.o)
                              /usr/lib/gcc/avr/7.3.0/../../../avr/lib/avr5/libm.a(addsf3.o) (__addsf3x)
/usr/lib/gcc/avr/7.3.0/../../../avr/lib/avr5/libm.a(cmpsf2.o)
                              ./HAL/SENSORS/SENSORS_program.o (__ltsf2)
/usr/lib/gcc/avr/7.3.0/../../../avr/lib/avr5/libm.a(divsf3.o)
                              ./HAL/SENSORS/SENSORS_program.o (__divsf3)
/usr/lib/gcc/avr/7.3.0/../../../avr/lib/avr5/libm.a(divsf3x.o)
                              /usr/lib/gcc/avr/7.3.0/../../../avr/lib/avr5/libm.a(divsf3.o) (__divsf3x)
/usr/lib/gcc/avr/7.3.0/../../../avr/lib/avr5/libm.a(fixunssfsi.o)
                              ./HAL/SENSORS/SENSORS_program.o (__fixunssfsi)
/usr/lib/gcc/avr/7.3.0/../../../avr/lib/avr5/libm.a(floatsisf.o)
                              ./HAL/SENSORS/SENSORS_program.o (__floatunsisf)
/usr/lib/gcc/avr/7.3.0/../../../avr/lib/avr5/libm.a(fp_cmp.o)
                              /usr/lib/gcc/avr/7.3.0/../../../avr/lib/avr5/libm.a(cmpsf2.o) (__fp_cmp)
/usr/lib/gcc/avr/7.3.0/../../../avr/lib/avr5/libm.a(fp_inf.o)
                              /usr/lib/gcc/avr/7.3.0/../../../avr/lib/avr5/libm.a(addsf3x.o) (__fp_inf)
/usr/lib/gcc/avr/7.3.0/../../../avr/lib/avr5/libm.a(fp_nan.o)
                              /usr/lib/gcc/avr/7.3.0/../../../avr/lib/avr5/libm.a(addsf3x.o) (__fp_nan)
/usr/lib/gcc/avr/7.3.0/../../../avr/lib/avr5/libm.a(fp_pscA.o)
                              /usr/lib/gcc/avr/7.3.0/../../../avr/lib/avr5/libm.a(addsf3x.o) (__fp_pscA)
/usr/lib/gcc/avr/7.3.0/../../../avr/lib/avr5/libm.a(fp_pscB.o)
                              /usr/lib/gcc/avr/7.3.0/../../../avr/lib/avr5/libm.a(addsf3x.o) (__fp_pscB)
/usr/lib/gcc/avr/7.3.0/../../../avr/lib/avr5/libm.a(fp_round.o)
                              /usr/lib/gcc/avr/7.3.0/../../../avr/lib/avr5/libm.a(addsf3.o) (__fp_round)
/usr/lib/gcc/avr/7.3.0/../../../avr/lib/avr5/libm.a(fp_split3.o)
                              /usr/lib/gcc/avr/7.3.0/../../../avr/lib/avr5/libm.a(addsf3x.o) (__fp_split3)
/usr/lib/gcc/avr/7.3.0/../../../avr/lib/avr5/libm.a(fp_zero.o)
                              /usr/lib/gcc/avr/7.3.0/../../../avr/lib/avr5/libm.a(addsf3x.o) (__fp_zero)
/usr/lib/gcc/avr/7.3.0/../../../avr/lib/avr5/libm.a(gesf2.o)
                              ./HAL/SENSORS/SENSORS_program.o (__gtsf2)
/usr/lib/gcc/avr/7.3.0/../../../avr/lib/avr5/libm.a(log.o)
                              ./HAL/SENSORS/SENSORS_program.o (log)
/usr/lib/gcc/avr/7.3.0/../../../avr/lib/avr5/libm.a(mulsf3.o)
                              ./HAL/SENSORS/SENSORS_program.o (__mulsf3)
/usr/lib/gcc/avr/7.3.0/../../../avr/lib/avr5/libm.a(mulsf3x.o)
                              /usr/lib/gcc/avr/7.3.0/../../../avr/lib/avr5/libm.a(log.o) (__mulsf3x)
/usr/lib/gcc/avr/7.3.0/../../../avr/lib/avr5/libm.a(fp_mpack.o)
                              /usr/lib/gcc/avr/7.3.0/../../../avr/lib/avr5/libm.a(log.o) (__fp_mpack)
/usr/lib/gcc/avr/7.3.0/../../../avr/lib/avr5/libm.a(fp_powser.o)
                              /usr/lib/gcc/avr/7.3.0/../../../avr/lib/avr5/libm.a(log.o) (__fp_powser)
/usr/lib/gcc/avr/7.3.0/avr5/libgcc.a(_udivmodsi4.o)
                              ./HAL/ULTRASONIC/ULTRASONIC_program.o (__udivmodsi4)
/usr/lib/gcc/avr/7.3.0/avr5/libgcc.a(_exit.o)
                              /usr/lib/gcc/avr/7.3.0/../../../avr/lib/avr5/crtatmega32.o (exit)
/usr/lib/gcc/avr/7.3.0/avr5/libgcc.a(_copy_data.o)
                              ./APP/main.o (__do_copy_data)
/usr/lib/gcc/avr/7.3.0/avr5/libgcc.a(_clear_bss.o)
                              ./MCAL/EXTI/EXTI_program.o (__do_clear_bss)
/usr/lib/gcc/avr/7.3.0/avr5/libgcc.a(_umulhisi3.o)
                              ./HAL/ENCODER/ENCODER_program.o (__umulhisi3)
/usr/lib/gcc/avr/7.3.0/avr5/libgcc.a(_muluhisi3.o)
                              ./HAL/ENCODER/ENCODER_program.o (__muluhisi3)
/usr/lib/gcc/avr/7.3.0/../../../avr/lib/avr5/libc.a(sprintf.o)
                              ./APP/main.o (sprintf)
/usr/lib/gcc/avr/7.3.0/../../../avr/lib/avr5/libc.a(vfprintf_std.o)
                              /usr/lib/gcc/avr/7.3.0/../../../avr/lib/avr5/libc.a(sprintf.o) (vfprintf)
/usr/lib/gcc/avr/7.3.0/../../../avr/lib/avr5/libc.a(strnlen_P.o)
                              /usr/lib/gcc/avr/7.3.0/../../../avr/lib/avr5/libc.a(vfprintf_std.o) (strnlen_P)
/usr/lib/gcc/avr/7.3.0/../../../avr/lib/avr5/libc.a(strnlen.o)
                              /usr/lib/gcc/avr/7.3.0/../../../avr/lib/avr5/libc.a(vfprintf_std.o) (strnlen)
/usr/lib/gcc/avr/7.3.0/../../../avr/lib/avr5/libc.a(fputc.o)
                              /usr/lib/gcc/avr/7.3.0/../../../avr/lib/avr5/libc.a(vfprintf_std.o) (fputc)
/usr/lib/gcc/avr/7.3.0/../../../avr/lib/avr5/libc.a(ultoa_invert.o)
                              /usr/lib/gcc/avr/7.3.0/../../../avr/lib/avr5/libc.a(vfprintf_std.o) (__ultoa_invert)
/usr/lib/gcc/avr/7.3.0/avr5/libgcc.a(_prologue.o)
                              /usr/lib/gcc/avr/7.3.0/../../../avr/lib/avr5/libc.a(sprintf.o) (__prologue_saves__)
/usr/lib/gcc/avr/7.3.0/avr5/libgcc.a(_epilogue.o)
                              /usr/lib/gcc/avr/7.3.0/../../../avr/lib/avr5/libc.a(sprintf.o) (__epilogue_restores__)

Memory Configuration

Name             Origin             Length             Attributes
text             0x0000000000000000 0x0000000000008000 xr
data             0x0000000000800060 0x0000000000000800 rw !x
eeprom           0x0000000000810000 0x0000000000000400 rw !x
fuse             0x0000000000820000 0x0000000000000002 rw !x
lock             0x0000000000830000 0x0000000000000400 rw !x
signature        0x0000000000840000 0x0000000000000400 rw !x
user_signatures  0x0000000000850000 0x0000000000000400 rw !x
*default*        0x0000000000000000 0xffffffffffffffff

Linker script and memory map

LOAD /usr/lib/gcc/avr/7.3.0/../../../avr/lib/avr5/crtatmega32.o
LOAD ./MCAL/UART/UART_program.o
LOAD ./MCAL/TIMER1/TIMER1_program.o
LOAD ./MCAL/I2C_SW/I2C_SW_program.o
LOAD ./MCAL/GIE/GIE_program.o
LOAD ./MCAL/EXTI/EXTI_program.o
LOAD ./MCAL/DIO/DIO_program.o
LOAD ./MCAL/ADC/ADC_program.o
LOAD ./HAL/ULTRASONIC/ULTRASONIC_program.o
LOAD ./HAL/SENSORS/SENSORS_program.o
LOAD ./HAL/MPU6050/MPU6050_program.o
LOAD ./HAL/MOTOR/MOTOR_program.o
LOAD ./HAL/ENCODER/ENCODER_program.o
LOAD ./HAL/BUZZER/BUZZER_program.o
LOAD ./APP/main.o
LOAD /usr/lib/gcc/avr/7.3.0/../../../avr/lib/avr5/libm.a
START GROUP
LOAD /usr/lib/gcc/avr/7.3.0/avr5/libgcc.a
LOAD /usr/lib/gcc/avr/7.3.0/../../../avr/lib/avr5/libm.a
LOAD /usr/lib/gcc/avr/7.3.0/../../../avr/lib/avr5/libc.a
LOAD /usr/lib/gcc/avr/7.3.0/../../../avr/lib/avr5/libatmega32.a
END GROUP
                0x0000000000000000                __TEXT_REGION_ORIGIN__ = DEFINED (__TEXT_REGION_ORIGIN__)?__TEXT_REGION_ORIGIN__:0x0
                [0x0000000000800060]                __DATA_REGION_ORIGIN__ = DEFINED (__DATA_REGION_ORIGIN__)?__DATA_REGION_ORIGIN__:0x800060
                [0x0000000000008000]                __TEXT_REGION_LENGTH__ = DEFINED (__TEXT_REGION_LENGTH__)?__TEXT_REGION_LENGTH__:0x20000
                [0x0000000000000800]                __DATA_REGION_LENGTH__ = DEFINED (__DATA_REGION_LENGTH__)?__DATA_REGION_LENGTH__:0xffa0
                [0x0000000000000400]                __EEPROM_REGION_LENGTH__ = DEFINED (__EEPROM_REGION_LENGTH__)?__EEPROM_REGION_LENGTH__:0x10000
                [0x0000000000000002]                __FUSE_REGION_LENGTH__ = DEFINED (__FUSE_REGION_LENGTH__)?__FUSE_REGION_LENGTH__:0x400
                0x0000000000000400                __LOCK_REGION_LENGTH__ = DEFINED (__LOCK_REGION_LENGTH__)?__LOCK_REGION_LENGTH__:0x400
                0x0000000000000400                __SIGNATURE_REGION_LENGTH__ = DEFINED (__SIGNATURE_REGION_LENGTH__)?__SIGNATURE_REGION_LENGTH__:0x400
                0x0000000000000400                __USER_SIGNATURE_REGION_LENGTH__ = DEFINED (__USER_SIGNATURE_REGION_LENGTH__)?__USER_SIGNATURE_REGION_LENGTH__:0x400

.hash
 *(.hash)

.dynsym
 *(.dynsym)

.dynstr
 *(.dynstr)

.gnu.version
 *(.gnu.version)

.gnu.version_d
 *(.gnu.version_d)

.gnu.version_r
 *(.gnu.version_r)

.rel.init
 *(.rel.init)

.rela.init
 *(.rela.init)

.rel.text
 *(.rel.text)
 *(.rel.text.*)
 *(.rel.gnu.linkonce.t*)

.rela.text
 *(.rela.text)
 *(.rela.text.*)
 *(.rela.gnu.linkonce.t*)

.rel.fini
 *(.rel.fini)

.rela.fini
 *(.rela.fini)

.rel.rodata
 *(.rel.rodata)
 *(.rel.rodata.*)
 *(.rel.gnu.linkonce.r*)

.rela.rodata
 *(.rela.rodata)
 *(.rela.rodata.*)
 *(.rela.gnu.linkonce.r*)

.rel.data
 *(.rel.data)
 *(.rel.data.*)
 *(.rel.gnu.linkonce.d*)

.rela.data
 *(.rela.data)
 *(.rela.data.*)
 *(.rela.gnu.linkonce.d*)

.rel.ctors
 *(.rel.ctors)

.rela.ctors
 *(.rela.ctors)

.rel.dtors
 *(.rel.dtors)

.rela.dtors
 *(.rela.dtors)

.rel.got
 *(.rel.got)

.rela.got
 *(.rela.got)

.rel.bss
 *(.rel.bss)

.rela.bss
 *(.rela.bss)

.rel.plt
 *(.rel.plt)

.rela.plt
 *(.rela.plt)

.text           0x0000000000000000     0x198a
 *(.vectors)
 .vectors       0x0000000000000000       0x54 /usr/lib/gcc/avr/7.3.0/../../../avr/lib/avr5/crtatmega32.o
                0x0000000000000000                __vectors
                0x0000000000000000                __vector_default
 *(.vectors)
 *(.progmem.gcc*)
 .progmem.gcc_fplib
                0x0000000000000054       0x5a /usr/lib/gcc/avr/7.3.0/../../../avr/lib/avr5/libm.a(log.o)
                0x00000000000000ae                . = ALIGN (0x2)
                0x00000000000000ae                __trampolines_start = .
 *(.trampolines)
 .trampolines   0x00000000000000ae        0x0 linker stubs
 *(.trampolines*)
                0x00000000000000ae                __trampolines_end = .
 *libprintf_flt.a:*(.progmem.data)
 *libc.a:*(.progmem.data)
 *(.progmem*)
                0x00000000000000ae                . = ALIGN (0x2)
 *(.jumptables)
 *(.jumptables*)
 *(.lowtext)
 *(.lowtext*)
                0x00000000000000ae                __ctors_start = .
 *(.ctors)
                0x00000000000000ae                __ctors_end = .
                0x00000000000000ae                __dtors_start = .
 *(.dtors)
                0x00000000000000ae                __dtors_end = .
 SORT(*)(.ctors)
 SORT(*)(.dtors)
 *(.init0)
 .init0         0x00000000000000ae        0x0 /usr/lib/gcc/avr/7.3.0/../../../avr/lib/avr5/crtatmega32.o
                0x00000000000000ae                __init
 *(.init0)
 *(.init1)
 *(.init1)
 *(.init2)
 .init2         0x00000000000000ae        0xc /usr/lib/gcc/avr/7.3.0/../../../avr/lib/avr5/crtatmega32.o
 *(.init2)
 *(.init3)
 *(.init3)
 *(.init4)
 .init4         0x00000000000000ba       0x16 /usr/lib/gcc/avr/7.3.0/avr5/libgcc.a(_copy_data.o)
                0x00000000000000ba                __do_copy_data
 .init4         0x00000000000000d0       0x10 /usr/lib/gcc/avr/7.3.0/avr5/libgcc.a(_clear_bss.o)
                0x00000000000000d0                __do_clear_bss
 *(.init4)
 *(.init5)
 *(.init5)
 *(.init6)
 *(.init6)
 *(.init7)
 *(.init7)
 *(.init8)
 *(.init8)
 *(.init9)
 .init9         0x00000000000000e0        0x8 /usr/lib/gcc/avr/7.3.0/../../../avr/lib/avr5/crtatmega32.o
 *(.init9)
 *(.text)
 .text          0x00000000000000e8        0x4 /usr/lib/gcc/avr/7.3.0/../../../avr/lib/avr5/crtatmega32.o
                0x00000000000000e8                __vector_12
                0x00000000000000e8                __bad_interrupt
                0x00000000000000e8                __vector_6
                0x00000000000000e8                __vector_3
                0x00000000000000e8                __vector_11
                0x00000000000000e8                __vector_13
                0x00000000000000e8                __vector_17
                0x00000000000000e8                __vector_19
                0x00000000000000e8                __vector_7
                0x00000000000000e8                __vector_5
                0x00000000000000e8                __vector_4
                0x00000000000000e8                __vector_9
                0x00000000000000e8                __vector_15
                0x00000000000000e8                __vector_8
                0x00000000000000e8                __vector_14
                0x00000000000000e8                __vector_10
                0x00000000000000e8                __vector_16
                0x00000000000000e8                __vector_18
                0x00000000000000e8                __vector_20
 .text          0x00000000000000ec        0x0 ./MCAL/UART/UART_program.o
 .text          0x00000000000000ec        0x0 ./MCAL/TIMER1/TIMER1_program.o
 .text          0x00000000000000ec        0x0 ./MCAL/I2C_SW/I2C_SW_program.o
 .text          0x00000000000000ec        0x0 ./MCAL/GIE/GIE_program.o
 .text          0x00000000000000ec        0x0 ./MCAL/EXTI/EXTI_program.o
 .text          0x00000000000000ec        0x0 ./MCAL/DIO/DIO_program.o
 .text          0x00000000000000ec        0x0 ./MCAL/ADC/ADC_program.o
 .text          0x00000000000000ec        0x0 ./HAL/ULTRASONIC/ULTRASONIC_program.o
 .text          0x00000000000000ec        0x0 ./HAL/SENSORS/SENSORS_program.o
 .text          0x00000000000000ec        0x0 ./HAL/MPU6050/MPU6050_program.o
 .text          0x00000000000000ec        0x0 ./HAL/MOTOR/MOTOR_program.o
 .text          0x00000000000000ec        0x0 ./HAL/ENCODER/ENCODER_program.o
 .text          0x00000000000000ec        0x0 ./HAL/BUZZER/BUZZER_program.o
 .text          0x00000000000000ec        0x0 ./APP/main.o
 .text          0x00000000000000ec        0x0 /usr/lib/gcc/avr/7.3.0/../../../avr/lib/avr5/libm.a(addsf3.o)
 .text          0x00000000000000ec        0x0 /usr/lib/gcc/avr/7.3.0/../../../avr/lib/avr5/libm.a(addsf3x.o)
 .text          0x00000000000000ec        0x0 /usr/lib/gcc/avr/7.3.0/../../../avr/lib/avr5/libm.a(cmpsf2.o)
 .text          0x00000000000000ec        0x0 /usr/lib/gcc/avr/7.3.0/../../../avr/lib/avr5/libm.a(divsf3.o)
 .text          0x00000000000000ec        0x0 /usr/lib/gcc/avr/7.3.0/../../../avr/lib/avr5/libm.a(divsf3x.o)
 .text          0x00000000000000ec        0x0 /usr/lib/gcc/avr/7.3.0/../../../avr/lib/avr5/libm.a(fixunssfsi.o)
 .text          0x00000000000000ec        0x0 /usr/lib/gcc/avr/7.3.0/../../../avr/lib/avr5/libm.a(floatsisf.o)
 .text          0x00000000000000ec        0x0 /usr/lib/gcc/avr/7.3.0/../../../avr/lib/avr5/libm.a(fp_cmp.o)
 .text          0x00000000000000ec        0x0 /usr/lib/gcc/avr/7.3.0/../../../avr/lib/avr5/libm.a(fp_inf.o)
 .text          0x00000000000000ec        0x0 /usr/lib/gcc/avr/7.3.0/../../../avr/lib/avr5/libm.a(fp_nan.o)
 .text          0x00000000000000ec        0x0 /usr/lib/gcc/avr/7.3.0/../../../avr/lib/avr5/libm.a(fp_pscA.o)
 .text          0x00000000000000ec        0x0 /usr/lib/gcc/avr/7.3.0/../../../avr/lib/avr5/libm.a(fp_pscB.o)
 .text          0x00000000000000ec        0x0 /usr/lib/gcc/avr/7.3.0/../../../avr/lib/avr5/libm.a(fp_round.o)
 .text          0x00000000000000ec        0x0 /usr/lib/gcc/avr/7.3.0/../../../avr/lib/avr5/libm.a(fp_split3.o)
 .text          0x00000000000000ec        0x0 /usr/lib/gcc/avr/7.3.0/../../../avr/lib/avr5/libm.a(fp_zero.o)
 .text          0x00000000000000ec        0x0 /usr/lib/gcc/avr/7.3.0/../../../avr/lib/avr5/libm.a(gesf2.o)
 .text          0x00000000000000ec        0x0 /usr/lib/gcc/avr/7.3.0/../../../avr/lib/avr5/libm.a(log.o)
 .text          0x00000000000000ec        0x0 /usr/lib/gcc/avr/7.3.0/../../../avr/lib/avr5/libm.a(mulsf3.o)
 .text          0x00000000000000ec        0x0 /usr/lib/gcc/avr/7.3.0/../../../avr/lib/avr5/libm.a(mulsf3x.o)
 .text          0x00000000000000ec        0x0 /usr/lib/gcc/avr/7.3.0/../../../avr/lib/avr5/libm.a(fp_mpack.o)
 .text          0x00000000000000ec        0x0 /usr/lib/gcc/avr/7.3.0/../../../avr/lib/avr5/libm.a(fp_powser.o)
 .text          0x00000000000000ec        0x0 /usr/lib/gcc/avr/7.3.0/avr5/libgcc.a(_udivmodsi4.o)
 .text          0x00000000000000ec        0x0 /usr/lib/gcc/avr/7.3.0/avr5/libgcc.a(_exit.o)
 .text          0x00000000000000ec        0x0 /usr/lib/gcc/avr/7.3.0/avr5/libgcc.a(_copy_data.o)
 .text          0x00000000000000ec        0x0 /usr/lib/gcc/avr/7.3.0/avr5/libgcc.a(_clear_bss.o)
 .text          0x00000000000000ec        0x0 /usr/lib/gcc/avr/7.3.0/avr5/libgcc.a(_umulhisi3.o)
 .text          0x00000000000000ec        0x0 /usr/lib/gcc/avr/7.3.0/avr5/libgcc.a(_muluhisi3.o)
 .text          0x00000000000000ec        0x0 /usr/lib/gcc/avr/7.3.0/../../../avr/lib/avr5/libc.a(sprintf.o)
 .text          0x00000000000000ec        0x0 /usr/lib/gcc/avr/7.3.0/../../../avr/lib/avr5/libc.a(vfprintf_std.o)
 .text          0x00000000000000ec        0x0 /usr/lib/gcc/avr/7.3.0/../../../avr/lib/avr5/libc.a(strnlen_P.o)
 .text          0x00000000000000ec        0x0 /usr/lib/gcc/avr/7.3.0/../../../avr/lib/avr5/libc.a(strnlen.o)
 .text          0x00000000000000ec        0x0 /usr/lib/gcc/avr/7.3.0/../../../avr/lib/avr5/libc.a(fputc.o)
 .text          0x00000000000000ec        0x0 /usr/lib/gcc/avr/7.3.0/../../../avr/lib/avr5/libc.a(ultoa_invert.o)
 .text          0x00000000000000ec        0x0 /usr/lib/gcc/avr/7.3.0/avr5/libgcc.a(_prologue.o)
 .text          0x00000000000000ec        0x0 /usr/lib/gcc/avr/7.3.0/avr5/libgcc.a(_epilogue.o)
                0x00000000000000ec                . = ALIGN (0x2)
 *(.text.*)
 .text.UART_voidInit
                0x00000000000000ec       0x10 ./MCAL/UART/UART_program.o
                0x00000000000000ec                UART_voidInit
 .text.UART_voidSendByte
                0x00000000000000fc        0x8 ./MCAL/UART/UART_program.o
                0x00000000000000fc                UART_voidSendByte
 .text.UART_u8ReceiveByte
                0x0000000000000104        0x8 ./MCAL/UART/UART_program.o
                0x0000000000000104                UART_u8ReceiveByte
 .text.UART_voidSendString
                0x000000000000010c       0x26 ./MCAL/UART/UART_program.o
                0x000000000000010c                UART_voidSendString
 .text.TIMER1_voidInit
                0x0000000000000132       0x3c ./MCAL/TIMER1/TIMER1_program.o
                0x0000000000000132                TIMER1_voidInit
 .text.TIMER1_voidSetDutyCycle
                0x000000000000016e        0x8 ./MCAL/TIMER1/TIMER1_program.o
                0x000000000000016e                TIMER1_voidSetDutyCycle
 .text.I2C_SW_voidLineLow.constprop.0
                0x0000000000000176        0xa ./MCAL/I2C_SW/I2C_SW_program.o
 .text.I2C_SW_voidLineHigh.constprop.1
                0x0000000000000180        0xa ./MCAL/I2C_SW/I2C_SW_program.o
 .text.I2C_SW_voidInit
                0x000000000000018a       0x2a ./MCAL/I2C_SW/I2C_SW_program.o
                0x000000000000018a                I2C_SW_voidInit
 .text.I2C_SW_voidStart
                0x00000000000001b4       0x3a ./MCAL/I2C_SW/I2C_SW_program.o
                0x00000000000001b4                I2C_SW_voidStart
 .text.I2C_SW_voidStop
                0x00000000000001ee       0x2c ./MCAL/I2C_SW/I2C_SW_program.o
                0x00000000000001ee                I2C_SW_voidStop
 .text.I2C_SW_u8WriteByte
                0x000000000000021a       0x88 ./MCAL/I2C_SW/I2C_SW_program.o
                0x000000000000021a                I2C_SW_u8WriteByte
 .text.I2C_SW_u8ReadByte
                0x00000000000002a2       0x9c ./MCAL/I2C_SW/I2C_SW_program.o
                0x00000000000002a2                I2C_SW_u8ReadByte
 .text.GIE_voidEnable
                0x000000000000033e        0x8 ./MCAL/GIE/GIE_program.o
                0x000000000000033e                GIE_voidEnable
 .text.GIE_voidDisable
                0x0000000000000346        0x8 ./MCAL/GIE/GIE_program.o
                0x0000000000000346                GIE_voidDisable
 .text.EXTI_voidInt0Init
                0x000000000000034e       0x14 ./MCAL/EXTI/EXTI_program.o
                0x000000000000034e                EXTI_voidInt0Init
 .text.EXTI_voidInt1Init
                0x0000000000000362       0x14 ./MCAL/EXTI/EXTI_program.o
                0x0000000000000362                EXTI_voidInt1Init
 .text.EXTI_u8Int0SetCallBack
                0x0000000000000376       0x14 ./MCAL/EXTI/EXTI_program.o
                0x0000000000000376                EXTI_u8Int0SetCallBack
 .text.EXTI_u8Int1SetCallBack
                0x000000000000038a       0x14 ./MCAL/EXTI/EXTI_program.o
                0x000000000000038a                EXTI_u8Int1SetCallBack
 .text.__vector_1
                0x000000000000039e       0x52 ./MCAL/EXTI/EXTI_program.o
                0x000000000000039e                __vector_1
 .text.__vector_2
                0x00000000000003f0       0x52 ./MCAL/EXTI/EXTI_program.o
                0x00000000000003f0                __vector_2
 .text.DIO_voidSetPinValue
                0x0000000000000442       0xe2 ./MCAL/DIO/DIO_program.o
                0x0000000000000442                DIO_voidSetPinValue
 .text.DIO_voidSetPinDirection
                0x0000000000000524       0xe2 ./MCAL/DIO/DIO_program.o
                0x0000000000000524                DIO_voidSetPinDirection
 .text.DIO_u8GetPinValue
                0x0000000000000606       0x36 ./MCAL/DIO/DIO_program.o
                0x0000000000000606                DIO_u8GetPinValue
 .text.DIO_voidSetPortValue
                0x000000000000063c       0x20 ./MCAL/DIO/DIO_program.o
                0x000000000000063c                DIO_voidSetPortValue
 .text.DIO_voidSetPortDirection
                0x000000000000065c       0x20 ./MCAL/DIO/DIO_program.o
                0x000000000000065c                DIO_voidSetPortDirection
 .text.DIO_u8GetPortValue
                0x000000000000067c       0x22 ./MCAL/DIO/DIO_program.o
                0x000000000000067c                DIO_u8GetPortValue
 .text.ADC_voidInit
                0x000000000000069e       0x10 ./MCAL/ADC/ADC_program.o
                0x000000000000069e                ADC_voidInit
 .text.ADC_u16GetChannelReading
                0x00000000000006ae       0x1a ./MCAL/ADC/ADC_program.o
                0x00000000000006ae                ADC_u16GetChannelReading
 .text.ULTRASONIC_u32ReadTicks
                0x00000000000006c8       0x38 ./HAL/ULTRASONIC/ULTRASONIC_program.o
 .text.ULTRASONIC_u16GetDistance
                0x0000000000000700       0xd4 ./HAL/ULTRASONIC/ULTRASONIC_program.o
                0x0000000000000700                ULTRASONIC_u16GetDistance
 .text.SENSORS_voidInit
                0x00000000000007d4        0x2 ./HAL/SENSORS/SENSORS_program.o
                0x00000000000007d4                SENSORS_voidInit
 .text.SENSORS_u16GetMillivolts
                0x00000000000007d6       0x48 ./HAL/SENSORS/SENSORS_program.o
                0x00000000000007d6                SENSORS_u16GetMillivolts
 .text.SENSORS_u8GetTemperature
                0x000000000000081e       0xe8 ./HAL/SENSORS/SENSORS_program.o
                0x000000000000081e                SENSORS_u8GetTemperature
 .text.MPU6050_voidInit
                0x0000000000000906       0x56 ./HAL/MPU6050/MPU6050_program.o
                0x0000000000000906                MPU6050_voidInit
 .text.MPU6050_voidGetAccelRaw
                0x000000000000095c       0xe0 ./HAL/MPU6050/MPU6050_program.o
                0x000000000000095c                MPU6050_voidGetAccelRaw
 .text.MOTOR_voidInit
                0x0000000000000a3c        0x4 ./HAL/MOTOR/MOTOR_program.o
                0x0000000000000a3c                MOTOR_voidInit
 .text.MOTOR_voidSetDirection
                0x0000000000000a40       0x2c ./HAL/MOTOR/MOTOR_program.o
                0x0000000000000a40                MOTOR_voidSetDirection
 .text.MOTOR_voidSetSpeed
                0x0000000000000a6c        0x4 ./HAL/MOTOR/MOTOR_program.o
                0x0000000000000a6c                MOTOR_voidSetSpeed
 .text.MOTOR_voidStop
                0x0000000000000a70       0x1a ./HAL/MOTOR/MOTOR_program.o
                0x0000000000000a70                MOTOR_voidStop
 .text.ENCODER_voidPulseISR
                0x0000000000000a8a       0x40 ./HAL/ENCODER/ENCODER_program.o
 .text.ENCODER_voidInit
                0x0000000000000aca       0x3a ./HAL/ENCODER/ENCODER_program.o
                0x0000000000000aca                ENCODER_voidInit
 .text.ENCODER_u32GetPulseCount
                0x0000000000000b04       0x18 ./HAL/ENCODER/ENCODER_program.o
                0x0000000000000b04                ENCODER_u32GetPulseCount
 .text.ENCODER_voidResetPulseCount
                0x0000000000000b1c       0x18 ./HAL/ENCODER/ENCODER_program.o
                0x0000000000000b1c                ENCODER_voidResetPulseCount
 .text.ENCODER_u8GetDirection
                0x0000000000000b34        0x6 ./HAL/ENCODER/ENCODER_program.o
                0x0000000000000b34                ENCODER_u8GetDirection
 .text.ENCODER_u16CalculateRPM
                0x0000000000000b3a       0xcc ./HAL/ENCODER/ENCODER_program.o
                0x0000000000000b3a                ENCODER_u16CalculateRPM
 .text.BUZZER_voidOn
                0x0000000000000c06        0xa ./HAL/BUZZER/BUZZER_program.o
                0x0000000000000c06                BUZZER_voidOn
 .text.BUZZER_voidOff
                0x0000000000000c10        0xa ./HAL/BUZZER/BUZZER_program.o
                0x0000000000000c10                BUZZER_voidOff
 .text.BUZZER_voidToggle
                0x0000000000000c1a       0x18 ./HAL/BUZZER/BUZZER_program.o
                0x0000000000000c1a                BUZZER_voidToggle
 .text.startup.main
                0x0000000000000c32      0x1b4 ./APP/main.o
                0x0000000000000c32                main
 .text.avr-libc.fplib
                0x0000000000000de6        0xe /usr/lib/gcc/avr/7.3.0/../../../avr/lib/avr5/libm.a(addsf3.o)
                0x0000000000000de6                __subsf3
                0x0000000000000de8                __addsf3
 .text.avr-libc.fplib
                0x0000000000000df4       0xcc /usr/lib/gcc/avr/7.3.0/../../../avr/lib/avr5/libm.a(addsf3x.o)
                0x0000000000000e16                __addsf3x
 .text.avr-libc.fplib
                0x0000000000000ec0        0xa /usr/lib/gcc/avr/7.3.0/../../../avr/lib/avr5/libm.a(cmpsf2.o)
                0x0000000000000ec0                __lesf2
                0x0000000000000ec0                __nesf2
                0x0000000000000ec0                __eqsf2
                0x0000000000000ec0                __cmpsf2
                0x0000000000000ec0                __ltsf2
 .text.avr-libc.fplib
                0x0000000000000eca        0x8 /usr/lib/gcc/avr/7.3.0/../../../avr/lib/avr5/libm.a(divsf3.o)
                0x0000000000000eca                __divsf3
 .text.avr-libc.fplib
                0x0000000000000ed2       0xdc /usr/lib/gcc/avr/7.3.0/../../../avr/lib/avr5/libm.a(divsf3x.o)
                0x0000000000000ef2                __divsf3x
                0x0000000000000ef8                __divsf3_pse
 .text.avr-libc.fplib
                0x0000000000000fae       0x5e /usr/lib/gcc/avr/7.3.0/../../../avr/lib/avr5/libm.a(fixunssfsi.o)
                0x0000000000000fae                __fixunssfsi
 .text.avr-libc.fplib
                0x000000000000100c       0x7a /usr/lib/gcc/avr/7.3.0/../../../avr/lib/avr5/libm.a(floatsisf.o)
                0x000000000000100c                __floatunsisf
                0x0000000000001010                __floatsisf
 .text.avr-libc.fplib
                0x0000000000001086       0x48 /usr/lib/gcc/avr/7.3.0/../../../avr/lib/avr5/libm.a(fp_cmp.o)
                0x0000000000001086                __fp_cmp
 .text.avr-libc.fplib
                0x00000000000010ce        0xc /usr/lib/gcc/avr/7.3.0/../../../avr/lib/avr5/libm.a(fp_inf.o)
                0x00000000000010ce                __fp_inf
 .text.avr-libc.fplib
                0x00000000000010da        0x6 /usr/lib/gcc/avr/7.3.0/../../../avr/lib/avr5/libm.a(fp_nan.o)
                0x00000000000010da                __fp_nan
 .text.avr-libc.fplib
                0x00000000000010e0        0xe /usr/lib/gcc/avr/7.3.0/../../../avr/lib/avr5/libm.a(fp_pscA.o)
                0x00000000000010e0                __fp_pscA
 .text.avr-libc.fplib
                0x00000000000010ee        0xe /usr/lib/gcc/avr/7.3.0/../../../avr/lib/avr5/libm.a(fp_pscB.o)
                0x00000000000010ee                __fp_pscB
 .text.avr-libc.fplib
                0x00000000000010fc       0x22 /usr/lib/gcc/avr/7.3.0/../../../avr/lib/avr5/libm.a(fp_round.o)
                0x00000000000010fc                __fp_round
 .text.avr-libc.fplib
                0x000000000000111e       0x44 /usr/lib/gcc/avr/7.3.0/../../../avr/lib/avr5/libm.a(fp_split3.o)
                0x000000000000111e                __fp_split3
                0x000000000000112e                __fp_splitA
 .text.avr-libc.fplib
                0x0000000000001162        0xe /usr/lib/gcc/avr/7.3.0/../../../avr/lib/avr5/libm.a(fp_zero.o)
                0x0000000000001162                __fp_zero
                0x0000000000001164                __fp_szero
 .text.avr-libc.fplib
                0x0000000000001170        0xa /usr/lib/gcc/avr/7.3.0/../../../avr/lib/avr5/libm.a(gesf2.o)
                0x0000000000001170                __gtsf2
                0x0000000000001170                __gesf2
 .text.avr-libc.fplib
                0x000000000000117a       0xa0 /usr/lib/gcc/avr/7.3.0/../../../avr/lib/avr5/libm.a(log.o)
                0x000000000000118a                log
 .text.avr-libc.fplib
                0x000000000000121a        0x8 /usr/lib/gcc/avr/7.3.0/../../../avr/lib/avr5/libm.a(mulsf3.o)
                0x000000000000121a                __mulsf3
 .text.avr-libc.fplib
                0x0000000000001222       0xd2 /usr/lib/gcc/avr/7.3.0/../../../avr/lib/avr5/libm.a(mulsf3x.o)
                0x0000000000001240                __mulsf3x
                0x0000000000001246                __mulsf3_pse
 .text.avr-libc.fplib
                0x00000000000012f4       0x1c /usr/lib/gcc/avr/7.3.0/../../../avr/lib/avr5/libm.a(fp_mpack.o)
                0x00000000000012f4                __fp_mpack
                0x00000000000012f8                __fp_mpack_finite
 .text.avr-libc.fplib
                0x0000000000001310       0x4e /usr/lib/gcc/avr/7.3.0/../../../avr/lib/avr5/libm.a(fp_powser.o)
                0x0000000000001310                __fp_powser
 .text.libgcc.mul
                0x000000000000135e        0x0 /usr/lib/gcc/avr/7.3.0/avr5/libgcc.a(_udivmodsi4.o)
 .text.libgcc.div
                0x000000000000135e       0x44 /usr/lib/gcc/avr/7.3.0/avr5/libgcc.a(_udivmodsi4.o)
                0x000000000000135e                __udivmodsi4
 .text.libgcc   0x00000000000013a2        0x0 /usr/lib/gcc/avr/7.3.0/avr5/libgcc.a(_udivmodsi4.o)
 .text.libgcc.prologue
                0x00000000000013a2        0x0 /usr/lib/gcc/avr/7.3.0/avr5/libgcc.a(_udivmodsi4.o)
 .text.libgcc.builtins
                0x00000000000013a2        0x0 /usr/lib/gcc/avr/7.3.0/avr5/libgcc.a(_udivmodsi4.o)
 .text.libgcc.fmul
                0x00000000000013a2        0x0 /usr/lib/gcc/avr/7.3.0/avr5/libgcc.a(_udivmodsi4.o)
 .text.libgcc.fixed
                0x00000000000013a2        0x0 /usr/lib/gcc/avr/7.3.0/avr5/libgcc.a(_udivmodsi4.o)
 .text.libgcc.mul
                0x00000000000013a2        0x0 /usr/lib/gcc/avr/7.3.0/avr5/libgcc.a(_exit.o)
 .text.libgcc.div
                0x00000000000013a2        0x0 /usr/lib/gcc/avr/7.3.0/avr5/libgcc.a(_exit.o)
 .text.libgcc   0x00000000000013a2        0x0 /usr/lib/gcc/avr/7.3.0/avr5/libgcc.a(_exit.o)
 .text.libgcc.prologue
                0x00000000000013a2        0x0 /usr/lib/gcc/avr/7.3.0/avr5/libgcc.a(_exit.o)
 .text.libgcc.builtins
                0x00000000000013a2        0x0 /usr/lib/gcc/avr/7.3.0/avr5/libgcc.a(_exit.o)
 .text.libgcc.fmul
                0x00000000000013a2        0x0 /usr/lib/gcc/avr/7.3.0/avr5/libgcc.a(_exit.o)
 .text.libgcc.fixed
                0x00000000000013a2        0x0 /usr/lib/gcc/avr/7.3.0/avr5/libgcc.a(_exit.o)
 .text.libgcc.mul
                0x00000000000013a2        0x0 /usr/lib/gcc/avr/7.3.0/avr5/libgcc.a(_copy_data.o)
 .text.libgcc.div
                0x00000000000013a2        0x0 /usr/lib/gcc/avr/7.3.0/avr5/libgcc.a(_copy_data.o)
 .text.libgcc   0x00000000000013a2        0x0 /usr/lib/gcc/avr/7.3.0/avr5/libgcc.a(_copy_data.o)
 .text.libgcc.prologue
                0x00000000000013a2        0x0 /usr/lib/gcc/avr/7.3.0/avr5/libgcc.a(_copy_data.o)
 .text.libgcc.builtins
                0x00000000000013a2        0x0 /usr/lib/gcc/avr/7.3.0/avr5/libgcc.a(_copy_data.o)
 .text.libgcc.fmul
                0x00000000000013a2        0x0 /usr/lib/gcc/avr/7.3.0/avr5/libgcc.a(_copy_data.o)
 .text.libgcc.fixed
                0x00000000000013a2        0x0 /usr/lib/gcc/avr/7.3.0/avr5/libgcc.a(_copy_data.o)
 .text.libgcc.mul
                0x00000000000013a2        0x0 /usr/lib/gcc/avr/7.3.0/avr5/libgcc.a(_clear_bss.o)
 .text.libgcc.div
                0x00000000000013a2        0x0 /usr/lib/gcc/avr/7.3.0/avr5/libgcc.a(_clear_bss.o)
 .text.libgcc   0x00000000000013a2        0x0 /usr/lib/gcc/avr/7.3.0/avr5/libgcc.a(_clear_bss.o)
 .text.libgcc.prologue
                0x00000000000013a2        0x0 /usr/lib/gcc/avr/7.3.0/avr5/libgcc.a(_clear_bss.o)
 .text.libgcc.builtins
                0x00000000000013a2        0x0 /usr/lib/gcc/avr/7.3.0/avr5/libgcc.a(_clear_bss.o)
 .text.libgcc.fmul
                0x00000000000013a2        0x0 /usr/lib/gcc/avr/7.3.0/avr5/libgcc.a(_clear_bss.o)
 .text.libgcc.fixed
                0x00000000000013a2        0x0 /usr/lib/gcc/avr/7.3.0/avr5/libgcc.a(_clear_bss.o)
 .text.libgcc.mul
                0x00000000000013a2       0x1e /usr/lib/gcc/avr/7.3.0/avr5/libgcc.a(_umulhisi3.o)
                0x00000000000013a2                __umulhisi3
 .text.libgcc.div
                0x00000000000013c0        0x0 /usr/lib/gcc/avr/7.3.0/avr5/libgcc.a(_umulhisi3.o)
 .text.libgcc   0x00000000000013c0        0x0 /usr/lib/gcc/avr/7.3.0/avr5/libgcc.a(_umulhisi3.o)
 .text.libgcc.prologue
                0x00000000000013c0        0x0 /usr/lib/gcc/avr/7.3.0/avr5/libgcc.a(_umulhisi3.o)
 .text.libgcc.builtins
                0x00000000000013c0        0x0 /usr/lib/gcc/avr/7.3.0/avr5/libgcc.a(_umulhisi3.o)
 .text.libgcc.fmul
                0x00000000000013c0        0x0 /usr/lib/gcc/avr/7.3.0/avr5/libgcc.a(_umulhisi3.o)
 .text.libgcc.fixed
                0x00000000000013c0        0x0 /usr/lib/gcc/avr/7.3.0/avr5/libgcc.a(_umulhisi3.o)
 .text.libgcc.mul
                0x00000000000013c0       0x16 /usr/lib/gcc/avr/7.3.0/avr5/libgcc.a(_muluhisi3.o)
                0x00000000000013c0                __muluhisi3
 .text.libgcc.div
                0x00000000000013d6        0x0 /usr/lib/gcc/avr/7.3.0/avr5/libgcc.a(_muluhisi3.o)
 .text.libgcc   0x00000000000013d6        0x0 /usr/lib/gcc/avr/7.3.0/avr5/libgcc.a(_muluhisi3.o)
 .text.libgcc.prologue
                0x00000000000013d6        0x0 /usr/lib/gcc/avr/7.3.0/avr5/libgcc.a(_muluhisi3.o)
 .text.libgcc.builtins
                0x00000000000013d6        0x0 /usr/lib/gcc/avr/7.3.0/avr5/libgcc.a(_muluhisi3.o)
 .text.libgcc.fmul
                0x00000000000013d6        0x0 /usr/lib/gcc/avr/7.3.0/avr5/libgcc.a(_muluhisi3.o)
 .text.libgcc.fixed
                0x00000000000013d6        0x0 /usr/lib/gcc/avr/7.3.0/avr5/libgcc.a(_muluhisi3.o)
 .text.avr-libc
                0x00000000000013d6       0x46 /usr/lib/gcc/avr/7.3.0/../../../avr/lib/avr5/libc.a(sprintf.o)
                0x00000000000013d6                sprintf
 .text.avr-libc
                0x000000000000141c      0x3b4 /usr/lib/gcc/avr/7.3.0/../../../avr/lib/avr5/libc.a(vfprintf_std.o)
                0x000000000000141c                vfprintf
 .text.avr-libc
                0x00000000000017d0       0x16 /usr/lib/gcc/avr/7.3.0/../../../avr/lib/avr5/libc.a(strnlen_P.o)
                0x00000000000017d0                strnlen_P
 .text.avr-libc
                0x00000000000017e6       0x16 /usr/lib/gcc/avr/7.3.0/../../../avr/lib/avr5/libc.a(strnlen.o)
                0x00000000000017e6                strnlen
 .text.avr-libc
                0x00000000000017fc       0x60 /usr/lib/gcc/avr/7.3.0/../../../avr/lib/avr5/libc.a(fputc.o)
                0x00000000000017fc                fputc
 .text.avr-libc
                0x000000000000185c       0xbc /usr/lib/gcc/avr/7.3.0/../../../avr/lib/avr5/libc.a(ultoa_invert.o)
                0x000000000000185c                __ultoa_invert
 .text.libgcc.mul
                0x0000000000001918        0x0 /usr/lib/gcc/avr/7.3.0/avr5/libgcc.a(_prologue.o)
 .text.libgcc.div
                0x0000000000001918        0x0 /usr/lib/gcc/avr/7.3.0/avr5/libgcc.a(_prologue.o)
 .text.libgcc   0x0000000000001918        0x0 /usr/lib/gcc/avr/7.3.0/avr5/libgcc.a(_prologue.o)
 .text.libgcc.prologue
                0x0000000000001918       0x38 /usr/lib/gcc/avr/7.3.0/avr5/libgcc.a(_prologue.o)
                0x0000000000001918                __prologue_saves__
 .text.libgcc.builtins
                0x0000000000001950        0x0 /usr/lib/gcc/avr/7.3.0/avr5/libgcc.a(_prologue.o)
 .text.libgcc.fmul
                0x0000000000001950        0x0 /usr/lib/gcc/avr/7.3.0/avr5/libgcc.a(_prologue.o)
 .text.libgcc.fixed
                0x0000000000001950        0x0 /usr/lib/gcc/avr/7.3.0/avr5/libgcc.a(_prologue.o)
 .text.libgcc.mul
                0x0000000000001950        0x0 /usr/lib/gcc/avr/7.3.0/avr5/libgcc.a(_epilogue.o)
 .text.libgcc.div
                0x0000000000001950        0x0 /usr/lib/gcc/avr/7.3.0/avr5/libgcc.a(_epilogue.o)
 .text.libgcc   0x0000000000001950        0x0 /usr/lib/gcc/avr/7.3.0/avr5/libgcc.a(_epilogue.o)
 .text.libgcc.prologue
                0x0000000000001950       0x36 /usr/lib/gcc/avr/7.3.0/avr5/libgcc.a(_epilogue.o)
                0x0000000000001950                __epilogue_restores__
 .text.libgcc.builtins
                0x0000000000001986        0x0 /usr/lib/gcc/avr/7.3.0/avr5/libgcc.a(_epilogue.o)
 .text.libgcc.fmul
                0x0000000000001986        0x0 /usr/lib/gcc/avr/7.3.0/avr5/libgcc.a(_epilogue.o)
 .text.libgcc.fixed
                0x0000000000001986        0x0 /usr/lib/gcc/avr/7.3.0/avr5/libgcc.a(_epilogue.o)
                0x0000000000001986                . = ALIGN (0x2)
 *(.fini9)
 .fini9         0x0000000000001986        0x0 /usr/lib/gcc/avr/7.3.0/avr5/libgcc.a(_exit.o)
                0x0000000000001986                exit
                0x0000000000001986                _exit
 *(.fini9)
 *(.fini8)
 *(.fini8)
 *(.fini7)
 *(.fini7)
 *(.fini6)
 *(.fini6)
 *(.fini5)
 *(.fini5)
 *(.fini4)
 *(.fini4)
 *(.fini3)
 *(.fini3)
 *(.fini2)
 *(.fini2)
 *(.fini1)
 *(.fini1)
 *(.fini0)
 .fini0         0x0000000000001986        0x4 /usr/lib/gcc/avr/7.3.0/avr5/libgcc.a(_exit.o)
 *(.fini0)
                0x000000000000198a                _etext = .

.data           0x0000000000800060       0x6c load address 0x000000000000198a
                0x0000000000800060                PROVIDE (__data_start, .)
 *(.data)
 .data          0x0000000000800060        0x0 /usr/lib/gcc/avr/7.3.0/../../../avr/lib/avr5/crtatmega32.o
 .data          0x0000000000800060        0x0 ./MCAL/UART/UART_program.o
 .data          0x0000000000800060        0x0 ./MCAL/TIMER1/TIMER1_program.o
 .data          0x0000000000800060        0x0 ./MCAL/I2C_SW/I2C_SW_program.o
 .data          0x0000000000800060        0x0 ./MCAL/GIE/GIE_program.o
 .data          0x0000000000800060        0x0 ./MCAL/EXTI/EXTI_program.o
 .data          0x0000000000800060        0x0 ./MCAL/DIO/DIO_program.o
 .data          0x0000000000800060        0x0 ./MCAL/ADC/ADC_program.o
 .data          0x0000000000800060        0x0 ./HAL/ULTRASONIC/ULTRASONIC_program.o
 .data          0x0000000000800060        0x0 ./HAL/SENSORS/SENSORS_program.o
 .data          0x0000000000800060        0x0 ./HAL/MPU6050/MPU6050_program.o
 .data          0x0000000000800060        0x0 ./HAL/MOTOR/MOTOR_program.o
 .data          0x0000000000800060        0x0 ./HAL/ENCODER/ENCODER_program.o
 .data          0x0000000000800060        0x0 ./HAL/BUZZER/BUZZER_program.o
 .data          0x0000000000800060        0x0 ./APP/main.o
 .data          0x0000000000800060        0x0 /usr/lib/gcc/avr/7.3.0/../../../avr/lib/avr5/libm.a(addsf3.o)
 .data          0x0000000000800060        0x0 /usr/lib/gcc/avr/7.3.0/../../../avr/lib/avr5/libm.a(addsf3x.o)
 .data          0x0000000000800060        0x0 /usr/lib/gcc/avr/7.3.0/../../../avr/lib/avr5/libm.a(cmpsf2.o)
 .data          0x0000000000800060        0x0 /usr/lib/gcc/avr/7.3.0/../../../avr/lib/avr5/libm.a(divsf3.o)
 .data          0x0000000000800060        0x0 /usr/lib/gcc/avr/7.3.0/../../../avr/lib/avr5/libm.a(divsf3x.o)
 .data          0x0000000000800060        0x0 /usr/lib/gcc/avr/7.3.0/../../../avr/lib/avr5/libm.a(fixunssfsi.o)
 .data          0x0000000000800060        0x0 /usr/lib/gcc/avr/7.3.0/../../../avr/lib/avr5/libm.a(floatsisf.o)
 .data          0x0000000000800060        0x0 /usr/lib/gcc/avr/7.3.0/../../../avr/lib/avr5/libm.a(fp_cmp.o)
 .data          0x0000000000800060        0x0 /usr/lib/gcc/avr/7.3.0/../../../avr/lib/avr5/libm.a(fp_inf.o)
 .data          0x0000000000800060        0x0 /usr/lib/gcc/avr/7.3.0/../../../avr/lib/avr5/libm.a(fp_nan.o)
 .data          0x0000000000800060        0x0 /usr/lib/gcc/avr/7.3.0/../../../avr/lib/avr5/libm.a(fp_pscA.o)
 .data          0x0000000000800060        0x0 /usr/lib/gcc/avr/7.3.0/../../../avr/lib/avr5/libm.a(fp_pscB.o)
 .data          0x0000000000800060        0x0 /usr/lib/gcc/avr/7.3.0/../../../avr/lib/avr5/libm.a(fp_round.o)
 .data          0x0000000000800060        0x0 /usr/lib/gcc/avr/7.3.0/../../../avr/lib/avr5/libm.a(fp_split3.o)
 .data          0x0000000000800060        0x0 /usr/lib/gcc/avr/7.3.0/../../../avr/lib/avr5/libm.a(fp_zero.o)
 .data          0x0000000000800060        0x0 /usr/lib/gcc/avr/7.3.0/../../../avr/lib/avr5/libm.a(gesf2.o)
 .data          0x0000000000800060        0x0 /usr/lib/gcc/avr/7.3.0/../../../avr/lib/avr5/libm.a(log.o)
 .data          0x0000000000800060        0x0 /usr/lib/gcc/avr/7.3.0/../../../avr/lib/avr5/libm.a(mulsf3.o)
 .data          0x0000000000800060        0x0 /usr/lib/gcc/avr/7.3.0/../../../avr/lib/avr5/libm.a(mulsf3x.o)
 .data          0x0000000000800060        0x0 /usr/lib/gcc/avr/7.3.0/../../../avr/lib/avr5/libm.a(fp_mpack.o)
 .data          0x0000000000800060        0x0 /usr/lib/gcc/avr/7.3.0/../../../avr/lib/avr5/libm.a(fp_powser.o)
 .data          0x0000000000800060        0x0 /usr/lib/gcc/avr/7.3.0/avr5/libgcc.a(_udivmodsi4.o)
 .data          0x0000000000800060        0x0 /usr/lib/gcc/avr/7.3.0/avr5/libgcc.a(_exit.o)
 .data          0x0000000000800060        0x0 /usr/lib/gcc/avr/7.3.0/avr5/libgcc.a(_copy_data.o)
 .data          0x0000000000800060        0x0 /usr/lib/gcc/avr/7.3.0/avr5/libgcc.a(_clear_bss.o)
 .data          0x0000000000800060        0x0 /usr/lib/gcc/avr/7.3.0/avr5/libgcc.a(_umulhisi3.o)
 .data          0x0000000000800060        0x0 /usr/lib/gcc/avr/7.3.0/avr5/libgcc.a(_muluhisi3.o)
 .data          0x0000000000800060        0x0 /usr/lib/gcc/avr/7.3.0/../../../avr/lib/avr5/libc.a(sprintf.o)
 .data          0x0000000000800060        0x0 /usr/lib/gcc/avr/7.3.0/../../../avr/lib/avr5/libc.a(vfprintf_std.o)
 .data          0x0000000000800060        0x0 /usr/lib/gcc/avr/7.3.0/../../../avr/lib/avr5/libc.a(strnlen_P.o)
 .data          0x0000000000800060        0x0 /usr/lib/gcc/avr/7.3.0/../../../avr/lib/avr5/libc.a(strnlen.o)
 .data          0x0000000000800060        0x0 /usr/lib/gcc/avr/7.3.0/../../../avr/lib/avr5/libc.a(fputc.o)
 .data          0x0000000000800060        0x0 /usr/lib/gcc/avr/7.3.0/../../../avr/lib/avr5/libc.a(ultoa_invert.o)
 .data          0x0000000000800060        0x0 /usr/lib/gcc/avr/7.3.0/avr5/libgcc.a(_prologue.o)
 .data          0x0000000000800060        0x0 /usr/lib/gcc/avr/7.3.0/avr5/libgcc.a(_epilogue.o)
 *(.data*)
 *(.gnu.linkonce.d*)
 *(.rodata)
 *(.rodata*)
 .rodata.main.str1.1
                0x0000000000800060       0x6b ./APP/main.o
 *(.gnu.linkonce.r*)
                0x00000000008000cc                . = ALIGN (0x2)
 *fill*         0x00000000008000cb        0x1 
                0x00000000008000cc                _edata = .
                0x00000000008000cc                PROVIDE (__data_end, .)

.bss            0x00000000008000cc        0xb
                0x00000000008000cc                PROVIDE (__bss_start, .)
 *(.bss)
 .bss           0x00000000008000cc        0x0 /usr/lib/gcc/avr/7.3.0/../../../avr/lib/avr5/crtatmega32.o
 .bss           0x00000000008000cc        0x0 ./MCAL/UART/UART_program.o
 .bss           0x00000000008000cc        0x0 ./MCAL/TIMER1/TIMER1_program.o
 .bss           0x00000000008000cc        0x0 ./MCAL/I2C_SW/I2C_SW_program.o
 .bss           0x00000000008000cc        0x0 ./MCAL/GIE/GIE_program.o
 .bss           0x00000000008000cc        0x0 ./MCAL/EXTI/EXTI_program.o
 .bss           0x00000000008000cc        0x0 ./MCAL/DIO/DIO_program.o
 .bss           0x00000000008000cc        0x0 ./MCAL/ADC/ADC_program.o
 .bss           0x00000000008000cc        0x0 ./HAL/ULTRASONIC/ULTRASONIC_program.o
 .bss           0x00000000008000cc        0x0 ./HAL/SENSORS/SENSORS_program.o
 .bss           0x00000000008000cc        0x0 ./HAL/MPU6050/MPU6050_program.o
 .bss           0x00000000008000cc        0x0 ./HAL/MOTOR/MOTOR_program.o
 .bss           0x00000000008000cc        0x0 ./HAL/ENCODER/ENCODER_program.o
 .bss           0x00000000008000cc        0x0 ./HAL/BUZZER/BUZZER_program.o
 .bss           0x00000000008000cc        0x0 ./APP/main.o
 .bss           0x00000000008000cc        0x0 /usr/lib/gcc/avr/7.3.0/../../../avr/lib/avr5/libm.a(addsf3.o)
 .bss           0x00000000008000cc        0x0 /usr/lib/gcc/avr/7.3.0/../../../avr/lib/avr5/libm.a(addsf3x.o)
 .bss           0x00000000008000cc        0x0 /usr/lib/gcc/avr/7.3.0/../../../avr/lib/avr5/libm.a(cmpsf2.o)
 .bss           0x00000000008000cc        0x0 /usr/lib/gcc/avr/7.3.0/../../../avr/lib/avr5/libm.a(divsf3.o)
 .bss           0x00000000008000cc        0x0 /usr/lib/gcc/avr/7.3.0/../../../avr/lib/avr5/libm.a(divsf3x.o)
 .bss           0x00000000008000cc        0x0 /usr/lib/gcc/avr/7.3.0/../../../avr/lib/avr5/libm.a(fixunssfsi.o)
 .bss           0x00000000008000cc        0x0 /usr/lib/gcc/avr/7.3.0/../../../avr/lib/avr5/libm.a(floatsisf.o)
 .bss           0x00000000008000cc        0x0 /usr/lib/gcc/avr/7.3.0/../../../avr/lib/avr5/libm.a(fp_cmp.o)
 .bss           0x00000000008000cc        0x0 /usr/lib/gcc/avr/7.3.0/../../../avr/lib/avr5/libm.a(fp_inf.o)
 .bss           0x00000000008000cc        0x0 /usr/lib/gcc/avr/7.3.0/../../../avr/lib/avr5/libm.a(fp_nan.o)
 .bss           0x00000000008000cc        0x0 /usr/lib/gcc/avr/7.3.0/../../../avr/lib/avr5/libm.a(fp_pscA.o)
 .bss           0x00000000008000cc        0x0 /usr/lib/gcc/avr/7.3.0/../../../avr/lib/avr5/libm.a(fp_pscB.o)
 .bss           0x00000000008000cc        0x0 /usr/lib/gcc/avr/7.3.0/../../../avr/lib/avr5/libm.a(fp_round.o)
 .bss           0x00000000008000cc        0x0 /usr/lib/gcc/avr/7.3.0/../../../avr/lib/avr5/libm.a(fp_split3.o)
 .bss           0x00000000008000cc        0x0 /usr/lib/gcc/avr/7.3.0/../../../avr/lib/avr5/libm.a(fp_zero.o)
 .bss           0x00000000008000cc        0x0 /usr/lib/gcc/avr/7.3.0/../../../avr/lib/avr5/libm.a(gesf2.o)
 .bss           0x00000000008000cc        0x0 /usr/lib/gcc/avr/7.3.0/../../../avr/lib/avr5/libm.a(log.o)
 .bss           0x00000000008000cc        0x0 /usr/lib/gcc/avr/7.3.0/../../../avr/lib/avr5/libm.a(mulsf3.o)
 .bss           0x00000000008000cc        0x0 /usr/lib/gcc/avr/7.3.0/../../../avr/lib/avr5/libm.a(mulsf3x.o)
 .bss           0x00000000008000cc        0x0 /usr/lib/gcc/avr/7.3.0/../../../avr/lib/avr5/libm.a(fp_mpack.o)
 .bss           0x00000000008000cc        0x0 /usr/lib/gcc/avr/7.3.0/../../../avr/lib/avr5/libm.a(fp_powser.o)
 .bss           0x00000000008000cc        0x0 /usr/lib/gcc/avr/7.3.0/avr5/libgcc.a(_udivmodsi4.o)
 .bss           0x00000000008000cc        0x0 /usr/lib/gcc/avr/7.3.0/avr5/libgcc.a(_exit.o)
 .bss           0x00000000008000cc        0x0 /usr/lib/gcc/avr/7.3.0/avr5/libgcc.a(_copy_data.o)
 .bss           0x00000000008000cc        0x0 /usr/lib/gcc/avr/7.3.0/avr5/libgcc.a(_clear_bss.o)
 .bss           0x00000000008000cc        0x0 /usr/lib/gcc/avr/7.3.0/avr5/libgcc.a(_umulhisi3.o)
 .bss           0x00000000008000cc        0x0 /usr/lib/gcc/avr/7.3.0/avr5/libgcc.a(_muluhisi3.o)
 .bss           0x00000000008000cc        0x0 /usr/lib/gcc/avr/7.3.0/../../../avr/lib/avr5/libc.a(sprintf.o)
 .bss           0x00000000008000cc        0x0 /usr/lib/gcc/avr/7.3.0/../../../avr/lib/avr5/libc.a(vfprintf_std.o)
 .bss           0x00000000008000cc        0x0 /usr/lib/gcc/avr/7.3.0/../../../avr/lib/avr5/libc.a(strnlen_P.o)
 .bss           0x00000000008000cc        0x0 /usr/lib/gcc/avr/7.3.0/../../../avr/lib/avr5/libc.a(strnlen.o)
 .bss           0x00000000008000cc        0x0 /usr/lib/gcc/avr/7.3.0/../../../avr/lib/avr5/libc.a(fputc.o)
 .bss           0x00000000008000cc        0x0 /usr/lib/gcc/avr/7.3.0/../../../avr/lib/avr5/libc.a(ultoa_invert.o)
 .bss           0x00000000008000cc        0x0 /usr/lib/gcc/avr/7.3.0/avr5/libgcc.a(_prologue.o)
 .bss           0x00000000008000cc        0x0 /usr/lib/gcc/avr/7.3.0/avr5/libgcc.a(_epilogue.o)
 *(.bss*)
 .bss.EXTI_pvInt1CallBack
                0x00000000008000cc        0x2 ./MCAL/EXTI/EXTI_program.o
 .bss.EXTI_pvInt0CallBack
                0x00000000008000ce        0x2 ./MCAL/EXTI/EXTI_program.o
 .bss.Global_u16Overflows
                0x00000000008000d0        0x2 ./HAL/ULTRASONIC/ULTRASONIC_program.o
 .bss.Global_u8Direction
                0x00000000008000d2        0x1 ./HAL/ENCODER/ENCODER_program.o
 .bss.Global_u32PulseCount
                0x00000000008000d3        0x4 ./HAL/ENCODER/ENCODER_program.o
 *(COMMON)
                0x00000000008000d7                PROVIDE (__bss_end, .)
                0x000000000000198a                __data_load_start = LOADADDR (.data)
                0x00000000000019f6                __data_load_end = (__data_load_start + SIZEOF (.data))

.noinit         0x00000000008000d7        0x0
                [!provide]                        PROVIDE (__noinit_start, .)
 *(.noinit*)
                [!provide]                        PROVIDE (__noinit_end, .)
                0x00000000008000d7                _end = .
                [!provide]                        PROVIDE (__heap_start, .)

.eeprom         0x0000000000810000        0x0
 *(.eeprom*)
                0x0000000000810000                __eeprom_end = .

.fuse
 *(.fuse)
 *(.lfuse)
 *(.hfuse)
 *(.efuse)

.lock
 *(.lock*)

.signature
 *(.signature*)

.user_signatures
 *(.user_signatures*)

.stab           0x0000000000000000     0x4bb4
 *(.stab)
 .stab          0x0000000000000000      0x480 ./MCAL/UART/UART_program.o
 .stab          0x0000000000000480      0x3e4 ./MCAL/TIMER1/TIMER1_program.o
                                        0x3f0 (size before relaxing)
 .stab          0x0000000000000864      0xa2c ./MCAL/I2C_SW/I2C_SW_program.o
                                        0xa38 (size before relaxing)
 .stab          0x0000000000001290      0x36c ./MCAL/GIE/GIE_program.o
                                        0x378 (size before relaxing)
 .stab          0x00000000000015fc      0x534 ./MCAL/EXTI/EXTI_program.o
                                        0x540 (size before relaxing)
 .stab          0x0000000000001b30      0x8a0 ./MCAL/DIO/DIO_program.o
                                        0x8ac (size before relaxing)
 .stab          0x00000000000023d0      0x3fc ./MCAL/ADC/ADC_program.o
                                        0x408 (size before relaxing)
 .stab          0x00000000000027cc      0x5c4 ./HAL/ULTRASONIC/ULTRASONIC_program.o
                                        0x75c (size before relaxing)
 .stab          0x0000000000002d90      0x4a4 ./HAL/SENSORS/SENSORS_program.o
                                        0x4b0 (size before relaxing)
 .stab          0x0000000000003234      0x534 ./HAL/MPU6050/MPU6050_program.o
                                        0x6d8 (size before relaxing)
 .stab          0x0000000000003768      0x420 ./HAL/MOTOR/MOTOR_program.o
                                        0x42c (size before relaxing)
 .stab          0x0000000000003b88      0x60c ./HAL/ENCODER/ENCODER_program.o
                                        0x7d4 (size before relaxing)
 .stab          0x0000000000004194      0x39c ./HAL/BUZZER/BUZZER_program.o
                                        0x3a8 (size before relaxing)
 .stab          0x0000000000004530      0x684 ./APP/main.o
                                        0x84c (size before relaxing)

.stabstr        0x0000000000000000     0x1d17
 *(.stabstr)
 .stabstr       0x0000000000000000     0x1d17 ./MCAL/UART/UART_program.o

.stab.excl
 *(.stab.excl)

.stab.exclstr
 *(.stab.exclstr)

.stab.index
 *(.stab.index)

.stab.indexstr
 *(.stab.indexstr)

.comment        0x0000000000000000       0x11
 *(.comment)
 .comment       0x0000000000000000       0x11 ./MCAL/UART/UART_program.o
                                         0x12 (size before relaxing)
 .comment       0x0000000000000011       0x12 ./MCAL/TIMER1/TIMER1_program.o
 .comment       0x0000000000000011       0x12 ./MCAL/I2C_SW/I2C_SW_program.o
 .comment       0x0000000000000011       0x12 ./MCAL/GIE/GIE_program.o
 .comment       0x0000000000000011       0x12 ./MCAL/EXTI/EXTI_program.o
 .comment       0x0000000000000011       0x12 ./MCAL/DIO/DIO_program.o
 .comment       0x0000000000000011       0x12 ./MCAL/ADC/ADC_program.o
 .comment       0x0000000000000011       0x12 ./HAL/ULTRASONIC/ULTRASONIC_program.o
 .comment       0x0000000000000011       0x12 ./HAL/SENSORS/SENSORS_program.o
 .comment       0x0000000000000011       0x12 ./HAL/MPU6050/MPU6050_program.o
 .comment       0x0000000000000011       0x12 ./HAL/MOTOR/MOTOR_program.o
 .comment       0x0000000000000011       0x12 ./HAL/ENCODER/ENCODER_program.o
 .comment       0x0000000000000011       0x12 ./HAL/BUZZER/BUZZER_program.o
 .comment       0x0000000000000011       0x12 ./APP/main.o
 .comment       0x0000000000000011       0x12 /usr/lib/gcc/avr/7.3.0/../../../avr/lib/avr5/libc.a(sprintf.o)
 .comment       0x0000000000000011       0x12 /usr/lib/gcc/avr/7.3.0/../../../avr/lib/avr5/libc.a(vfprintf_std.o)
 .comment       0x0000000000000011       0x12 /usr/lib/gcc/avr/7.3.0/../../../avr/lib/avr5/libc.a(fputc.o)

.note.gnu.avr.deviceinfo
                0x0000000000000000       0x3c
 .note.gnu.avr.deviceinfo
                0x0000000000000000       0x3c /usr/lib/gcc/avr/7.3.0/../../../avr/lib/avr5/crtatmega32.o

.note.gnu.build-id
 *(.note.gnu.build-id)

.debug
 *(.debug)

.line
 *(.line)

.debug_srcinfo
 *(.debug_srcinfo)

.debug_sfnames
 *(.debug_sfnames)

.debug_aranges
 *(.debug_aranges)

.debug_pubnames
 *(.debug_pubnames)

.debug_info     0x0000000000000000      0x4e6
 *(.debug_info .gnu.linkonce.wi.*)
 .debug_info    0x0000000000000000      0x4e6 /usr/lib/gcc/avr/7.3.0/../../../avr/lib/avr5/crtatmega32.o

.debug_abbrev   0x0000000000000000      0x4a3
 *(.debug_abbrev)
 .debug_abbrev  0x0000000000000000      0x4a3 /usr/lib/gcc/avr/7.3.0/../../../avr/lib/avr5/crtatmega32.o

.debug_line     0x0000000000000000       0x1a
 *(.debug_line .debug_line.* .debug_line_end)
 .debug_line    0x0000000000000000       0x1a /usr/lib/gcc/avr/7.3.0/../../../avr/lib/avr5/crtatmega32.o

.debug_frame
 *(.debug_frame)

.debug_str      0x0000000000000000      0x196
 *(.debug_str)
 .debug_str     0x0000000000000000      0x196 /usr/lib/gcc/avr/7.3.0/../../../avr/lib/avr5/crtatmega32.o

.debug_loc
 *(.debug_loc)

.debug_macinfo
 *(.debug_macinfo)

.debug_weaknames
 *(.debug_weaknames)

.debug_funcnames
 *(.debug_funcnames)

.debug_typenames
 *(.debug_typenames)

.debug_varnames
 *(.debug_varnames)

.debug_pubtypes
 *(.debug_pubtypes)

.debug_ranges
 *(.debug_ranges)

.debug_macro
 *(.debug_macro)
OUTPUT(control_system.elf elf32-avr)
LOAD linker stubs
